<div class="space-y-3">
  <div class="mt-10 mb-8">
    <h2>Canada Disability Benefit Estimator</h2>
    <h1
      id="wb-cont"
      tabindex="-1"
      class="font-lato text-3xl font-bold focus-visible:ring-3 after:mt-2 after:block after:h-1.5 after:w-18 after:bg-red-700"
    >
      Step 1 of 2: Marital Status
    </h1>
  </div>
  <div>
    <form
      novalidate=""
      data-discover="true"
      action="/en/marital-status"
      method="post"
    >
      <div class="space-y-6">
        <p>All fields are required.</p>
        <fieldset
          id="input-radios-marital-status"
          data-testid="input-radios-marital-status"
        >
          <legend class="block mb-2" id="input-radios-marital-status-legend">
            <span class="font-semibold">What is your marital status?</span>
          </legend>
          <div
            class="mb-2 -max-w-prose text-black"
            data-testid="input-field-help-primary-marital-status"
            id="input-radios-marital-status-help-primary"
          >
            <div class="my-4 space-y-4">
              <details
                id="«R1pmlj5»"
                data-gc-analytics-expand="Expand-collapse marital status definitions"
              >
                <summary
                  class="cursor-pointer marker:text-blue-900"
                  id="«R1pmlj5»-summary"
                >
                  <span class="ml-4 inline-block text-blue-900 hover:underline"
                    >Definitions of marital statuses</span
                  >
                </summary>
                <div
                  id="«R1pmlj5»-content"
                  class="mt-2 border-l-[6px] border-gray-400 px-6 py-4"
                >
                  <div class="space-y-4">
                    <dl class="mt-2 space-y-2">
                      <div>
                        <dt class="inline font-bold">Single:</dt>
                        <dd class="ml-2 inline">
                          you're single and none of the statuses below apply to
                          you.
                        </dd>
                      </div>
                      <div>
                        <dt class="inline font-bold">Divorced:</dt>
                        <dd class="ml-2 inline">
                          you were married and are now legally divorced.
                        </dd>
                      </div>
                      <div>
                        <dt class="inline font-bold">Separated:</dt>
                        <dd class="ml-2 inline [&amp;>p]:mt-2">
                          you've been living apart from your spouse or
                          common-law partner because of a breakdown in the
                          relationship for a period of at least 90 days and you
                          have not reconciled.
                          <p>
                            Once you've been separated for 90 days, the
                            effective day of your separation is the date you
                            started living apart. If there is no breakdown in
                            your relationship but you are living apart for
                            reasons such as work, studies, or health problems,
                            you would be considered to have a spouse or
                            common-law partner.
                          </p>
                          <p>
                            Note: You are also generally not considered
                            separated if your spouse or common-law partner is
                            incarcerated or doesn't live in Canada, as long as
                            there is no breakdown in your relationship.
                          </p>
                        </dd>
                      </div>
                      <div>
                        <dt class="inline font-bold">Widowed:</dt>
                        <dd class="ml-2 inline">
                          your spouse or common-law partner is deceased.
                        </dd>
                      </div>
                      <div>
                        <dt class="inline font-bold">Married:</dt>
                        <dd class="ml-2 inline">
                          you're legally married to someone.
                        </dd>
                      </div>
                      <div>
                        <dt class="inline font-bold">Common-law:</dt>
                        <dd class="ml-2 inline">
                          you're living in a conjugal relationship with someone
                          that you are not married to. At least one of the
                          following situations must apply to this person. They:<!-- -->
                          <ul class="mt-2 list-disc space-y-2 pl-5">
                            <li>
                              have been living with you for at least 12
                              continuous months. This includes any period you
                              were separated for less than 90 days because of a
                              breakdown in your relationship
                            </li>
                            <li>
                              are the parent of your child by birth or adoption
                            </li>
                            <li>
                              have custody and control of your child (or had
                              custody and control immediately before your child
                              turned 19 years old) and your child is wholly
                              dependent on that person for support
                            </li>
                          </ul>
                        </dd>
                      </div>
                    </dl>
                  </div>
                </div>
              </details>
            </div>
          </div>
          <ul class="space-y-2">
            <li>
              <div>
                <div class="flex items-center">
                  <input
                    type="radio"
                    id="input-radio-marital-status-option-0"
                    aria-labelledby="input-radio-marital-status-option-0-label"
                    class="size-5 border-gray-500 bg-gray-50 text-blue-600 focus:ring-2 focus:ring-blue-500 focus:outline-hidden"
                    data-testid="input-radio"
                    aria-describedby="input-radios-marital-status-help-primary"
                    aria-invalid="false"
                    required=""
                    name="maritalStatus"
                    value="single-divorced-separated-or-widowed"
                  /><label
                    id="input-radio-marital-status-option-0-label"
                    for="input-radio-marital-status-option-0"
                    class="block pl-3 leading-6"
                    >Single, divorced, separated or widowed</label
                  >
                </div>
              </div>
            </li>
            <li>
              <div>
                <div class="flex items-center">
                  <input
                    type="radio"
                    id="input-radio-marital-status-option-1"
                    aria-labelledby="input-radio-marital-status-option-1-label"
                    class="size-5 border-gray-500 bg-gray-50 text-blue-600 focus:ring-2 focus:ring-blue-500 focus:outline-hidden"
                    data-testid="input-radio"
                    aria-describedby="input-radios-marital-status-help-primary"
                    aria-invalid="false"
                    required=""
                    name="maritalStatus"
                    value="married-or-common-law"
                  /><label
                    id="input-radio-marital-status-option-1-label"
                    for="input-radio-marital-status-option-1"
                    class="block pl-3 leading-6"
                    >Married or common-law</label
                  >
                </div>
              </div>
            </li>
          </ul>
        </fieldset>
      </div>
      <div
        class="mt-8 flex flex-row-reverse flex-wrap items-center justify-end gap-3"
      >
        <button
          class="font-lato inline-flex items-center justify-center rounded border align-middle outline-offset-4 px-5 py-3 text-base border-slate-700 bg-slate-700 text-white hover:bg-sky-800 focus:bg-sky-800 disabled:pointer-events-none disabled:cursor-not-allowed disabled:opacity-70"
          data-gc-analytics-customclick="ESDC-EDSC_CDB-PCH-EST:StepMaritalStatus:Next button"
          value="next"
          id="continue-button"
          name="action"
        >
          Continue</button
        ><button
          class="font-lato inline-flex items-center justify-center rounded border align-middle outline-offset-4 px-5 py-3 text-base border-gray-300 bg-gray-200 text-slate-700 hover:bg-neutral-300 focus:bg-neutral-300 disabled:pointer-events-none disabled:cursor-not-allowed disabled:opacity-70"
          data-gc-analytics-customclick="ESDC-EDSC_CDB-PCH-EST:StepMaritalStatus:Previous button"
          value="back"
          id="back-button"
          name="action"
        >
          Back
        </button>
      </div>
    </form>
  </div>
</div>
<section class="mt-16 mb-8">
  <h2 class="sr-only">Page details</h2>
  <dl id="wb-dtmd" class="space-y-1">
    <div class="flex gap-2">
      <dt>Screen identifier:</dt>
      <dd>EST-0001</dd>
    </div>
    <div class="flex gap-2">
      <dt>Date modified:</dt>
      <dd><time>1970-01-01</time></dd>
    </div>
    <div class="flex gap-2">
      <dt>Version:</dt>
      <dd>0.0.0-000000-00000000</dd>
    </div>
  </dl>
</section>
