// Vitest Snapshot v1, https://vitest.dev/guide/snapshot.html

exports[`LanguageSwitcher > should render a LanguageSwitcher with the correct props > expected html 1`] = `
<div>
  <a
    class="text-slate-700 underline hover:text-blue-700 focus:text-blue-700"
    data-discover="true"
    href="/fr/00000000-0000-0000-0000-000000000000?foo=bar"
    lang="fr"
  >
    Fran√ßais
  </a>
</div>
`;
