<div class="mt-10 mb-8">
  <h1
    id="wb-cont"
    tabindex="-1"
    class="font-lato text-3xl font-bold focus-visible:ring-3 after:mt-2 after:block after:h-1.5 after:w-18 after:bg-red-700"
  >
    Estimateur de la Prestation canadienne pour les personnes handicapées
  </h1>
</div>
<div class="space-y-6">
  <section class="space-y-6">
    <p>
      Utilisez cet outil pour déterminer le montant que vous pourriez recevoir
      de la Prestation canadienne pour les personnes handicapées. Il ne s'agit
      pas d'une demande de prestations.
    </p>
    <h2 class="font-lato mb-4 text-2xl font-bold">Avant de commencer</h2>
    <p class="mb-4">
      L'estimateur vous posera des questions au sujet de votre&nbsp;:
    </p>
    <ol class="list-decimal space-y-1 pl-7">
      <li>état matrimonial</li>
      <li>revenu</li>
    </ol>
    <p>Il vous faudra environ 5 à 10 minutes pour obtenir une estimation.</p>
    <p>
      <strong
        >Cet outil ne détermine pas votre admissibilité à la prestation. Il
        fournit seulement une estimation du montant que vous pourriez recevoir.
        <a
          class="text-slate-700 underline hover:text-blue-700 focus:text-blue-700 external-link"
          href="https://www.canada.ca/fr/services/prestations/handicap/prestation-canadienne-personnes-situation-handicap.html"
          target="_blank"
          >Pour en savoir plus sur l'admissibilité à la prestation canadienne
          pour les personnes handicapées, visitez le site
          Canada.ca/prestation-handicap</a
        >.</strong
      >
    </p>
  </section>
  <section class="my-10">
    <div>
      <a
        class="font-lato inline-flex items-center justify-center rounded-sm border align-middle no-underline outline-offset-4 px-5 py-3 text-base border-slate-700 bg-slate-700 text-white hover:bg-sky-800 focus:bg-sky-800"
        data-gc-analytics-customclick="ESDC-EDSC_CDB-PCH-EST:Dashboard:Start estimator button"
        href="/fr/etat-civil"
        data-discover="true"
        >Démarrer l'estimateur de prestations</a
      >
    </div>
  </section>
  <section class="space-y-4">
    <h2 class="font-lato text-2xl font-bold">À propos des résultats</h2>
    <p>
      Cet estimateur fournit des montants estimés de prestation pour les
      paiements effectués entre juillet 2025 et juin 2026. Les montants futurs
      des prestations pourraient être plus élevés en raison de l'inflation. Les
      résultats ne sont pas des conseils financiers et peuvent changer.<!-- -->
      Pour une évaluation plus précise de votre montant de prestations estimé,
      veuillez
      <a
        class="text-slate-700 underline hover:text-blue-700 focus:text-blue-700 external-link"
        href="https://www.canada.ca/fr/services/prestations/handicap/prestation-canadienne-personnes-situation-handicap/contact.html"
        target="_blank"
        >communiquer avec nous</a
      >.
    </p>
  </section>
</div>
<section class="mt-16 mb-8">
  <h2 class="sr-only">Détails de la page</h2>
  <dl id="wb-dtmd" class="space-y-1">
    <div class="flex gap-2">
      <dt>Identificateur d'écran&nbsp;:</dt>
      <dd>PUBL-0001</dd>
    </div>
    <div class="flex gap-2">
      <dt>Date de modification&nbsp;:</dt>
      <dd><time>1970-01-01</time></dd>
    </div>
    <div class="flex gap-2">
      <dt>Version&nbsp;:</dt>
      <dd>0.0.0-000000-00000000</dd>
    </div>
  </dl>
</section>
