<div class="mt-10 mb-8">
  <h1
    id="wb-cont"
    tabindex="-1"
    class="font-lato text-3xl font-bold focus-visible:ring-3 after:mt-2 after:block after:h-1.5 after:w-18 after:bg-red-700"
  >
    Canada Disability Benefit Estimator
  </h1>
</div>
<div class="space-y-6">
  <section class="space-y-6">
    <p>
      Use this estimator to find out how much money you could get from the
      Canada Disability Benefit. This is not an application for benefits.
    </p>
    <h2 class="font-lato mb-4 text-lg font-bold">Before you begin</h2>
    <p>
      To receive the Canada Disability Benefit, you must meet specific
      eligibility criteria.
      <a
        class="text-slate-700 underline hover:text-blue-700 focus:text-blue-700 external-link"
        href="https://www.canada.ca/en/services/benefits/disability/canada-disability-benefit.html"
        target="_blank"
        >Consult the benefit eligibility requirements</a
      >.
    </p>
    <p class="mb-4">
      If you meet the eligibility criteria, use the benefits estimator to find
      out how much you may receive. The estimator will ask you questions about
      your:
    </p>
    <ol class="list-decimal space-y-1 pl-7">
      <li>marital status</li>
      <li>income</li>
    </ol>
    <p>It will take about 5 to 10 minutes to complete.</p>
    <p>
      <strong
        >This tool provides an estimate only. It doesn't guarantee that you'll
        be eligible or that you'll receive the amount estimated.</strong
      >
    </p>
  </section>
  <section class="my-10">
    <div>
      <a
        class="font-lato inline-flex items-center justify-center rounded-sm border align-middle no-underline outline-offset-4 px-5 py-3 text-base border-slate-700 bg-slate-700 text-white hover:bg-sky-800 focus:bg-sky-800"
        data-gc-analytics-customclick="ESDC-EDSC_CDB-PCH:Dashboard:Start estimator button"
        href="/en/marital-status"
        data-discover="true"
        >Start benefits estimator</a
      >
    </div>
  </section>
  <section class="space-y-4">
    <h2 class="font-lato text-lg font-bold">About the results</h2>
    <p>
      This estimator provides estimated benefit amounts for payments made
      between July 2025 and June 2026. Future benefit amounts may be higher. The
      results are not financial advice and are subject to change.
    </p>
  </section>
</div>
<section class="mt-16 mb-8">
  <h2 class="sr-only">Page details</h2>
  <dl id="wb-dtmd" class="space-y-1">
    <div class="flex gap-2">
      <dt>Screen identifier:</dt>
      <dd>PUBL-0001</dd>
    </div>
    <div class="flex gap-2">
      <dt>Date modified:</dt>
      <dd><time>1970-01-01</time></dd>
    </div>
    <div class="flex gap-2">
      <dt>Version:</dt>
      <dd>0.0.0-000000-00000000</dd>
    </div>
  </dl>
</section>
