<div class="space-y-3">
  <div class="mt-10 mb-8">
    <h2>
      Estimateur de la prestation canadienne pour les personnes handicapées
    </h2>
    <h1
      id="wb-cont"
      tabindex="-1"
      class="font-lato text-3xl font-bold focus-visible:ring-3 after:mt-2 after:block after:h-1.5 after:w-18 after:bg-red-700"
    >
      Étape 2 de 2&nbsp;: Revenu
    </h1>
  </div>
  <div>
    <form novalidate="" data-discover="true" action="/fr/revenus" method="post">
      <div class="space-y-6">
        <p>
          Pour estimer vos prestations, nous aurons besoin des renseignements
          suivants de votre <strong>déclaration de revenus de 2024</strong>.
        </p>
        <p>Si un des montants est négatif ou nul, entrez '0'.</p>
        <p>Tous les champs sont obligatoires.</p>
        <div id="input-text-field-«Rlmlj5»" class="space-y-2">
          <label class="block" id="input-text-field-«Rlmlj5»-label"
            ><span class="font-semibold"
              >Entrez votre revenu net<span class="sr-only"> ($)</span></span
            ></label
          >
          <div
            class="-max-w-prose text-black"
            data-testid="input-help"
            id="input-text-field-«Rlmlj5»-help-primary"
          >
            <p>
              Il se trouve à la ligne 23600 de votre déclaration de revenus
              2024.
            </p>
          </div>
          <input
            aria-describedby="input-text-field-«Rlmlj5»-help-primary"
            aria-labelledby="input-text-field-«Rlmlj5»-label"
            aria-required="true"
            class="rounded-lg border-gray-500 focus:border-blue-500 focus:ring-3 focus:ring-blue-500 focus:outline-hidden read-only:pointer-events-none read-only:bg-gray-100 read-only:opacity-70 disabled:pointer-events-none disabled:bg-gray-100 disabled:opacity-70 aria-invalid:border-red-500 aria-invalid:focus:border-red-500 aria-invalid:focus:ring-red-500 inline"
            id="input-text-field-«Rlmlj5»-input"
            required=""
            type="text"
            maxlength="16"
            autocomplete="off"
            name="individual-net-income"
            value=""
            inputmode="numeric"
          /><span aria-hidden="true" class="ml-1">$</span>
        </div>
        <div id="input-text-field-«Rpmlj5»" class="space-y-2">
          <label class="block" id="input-text-field-«Rpmlj5»-label"
            ><span class="font-semibold"
              >Entrez votre revenu d'emploi<span class="sr-only">
                ($)</span
              ></span
            ></label
          >
          <div
            class="-max-w-prose text-black"
            data-testid="input-help"
            id="input-text-field-«Rpmlj5»-help-primary"
          >
            <p>
              Il s'agit des revenus que vous avez générés par votre emploi ou
              votre travail indépendant.
            </p>
            <div class="my-4 space-y-4">
              <details id="«R2epmlj5»">
                <summary
                  class="cursor-pointer marker:text-blue-900"
                  id="«R2epmlj5»-summary"
                >
                  <span class="ml-4 inline-block text-blue-900 hover:underline"
                    >Comment calculer votre revenu d'emploi ?</span
                  >
                </summary>
                <div
                  id="«R2epmlj5»-content"
                  class="mt-2 border-l-[6px] border-gray-400 px-6 py-4"
                >
                  <div class="space-y-4">
                    <p>
                      Pour calculer votre revenu de travail, additionnez toutes
                      les lignes suivantes de votre déclaration de revenus de
                      2024&nbsp;:
                    </p>
                    <ul class="list-disc space-y-2 pl-5">
                      <li>Revenus d'emploi (ligne 10100)</li>
                      <li>Autres revenus d'emploi (ligne 10400)</li>
                      <li>
                        Montant imposable des bourses d'études, de
                        perfectionnement et d'entretien, et des subventions
                        reçues par des artistes pour un projet (ligne 13010)
                      </li>
                      <li>
                        Revenus d'entreprise (entrez 0 si le montant et négatif)
                        (ligne 13500)
                      </li>
                      <li>
                        Revenus de profession libérale (entrez 0 si le montant
                        et négatif) (ligne 13700)
                      </li>
                      <li>
                        Revenus de commissions (entrez 0 si le montant et
                        négatif) (ligne 13900)
                      </li>
                      <li>
                        Revenus d'agriculture (entrez 0 si le montant et
                        négatif) (ligne 14100)
                      </li>
                      <li>
                        Revenus de pêche (entrez 0 si le montant et négatif)
                        (ligne 14300)
                      </li>
                    </ul>
                  </div>
                </div>
              </details>
            </div>
          </div>
          <input
            aria-describedby="input-text-field-«Rpmlj5»-help-primary"
            aria-labelledby="input-text-field-«Rpmlj5»-label"
            aria-required="true"
            class="rounded-lg border-gray-500 focus:border-blue-500 focus:ring-3 focus:ring-blue-500 focus:outline-hidden read-only:pointer-events-none read-only:bg-gray-100 read-only:opacity-70 disabled:pointer-events-none disabled:bg-gray-100 disabled:opacity-70 aria-invalid:border-red-500 aria-invalid:focus:border-red-500 aria-invalid:focus:ring-red-500 inline"
            id="input-text-field-«Rpmlj5»-input"
            required=""
            type="text"
            maxlength="16"
            autocomplete="off"
            name="individual-working-income"
            value=""
            inputmode="numeric"
          /><span aria-hidden="true" class="ml-1">$</span>
        </div>
        <div id="input-text-field-«Rtmlj5»" class="space-y-2">
          <label class="block" id="input-text-field-«Rtmlj5»-label"
            ><span class="font-semibold"
              >Entrez votre revenu de la Prestation universelle pour la garde
              d'enfants (<abbr>PUGE</abbr>) et du Régime enregistré
              d'épargne-invalidité (<abbr>REEI</abbr>).<span class="sr-only">
                ($)</span
              ></span
            ></label
          >
          <div
            class="-max-w-prose text-black"
            data-testid="input-help"
            id="input-text-field-«Rtmlj5»-help-primary"
          >
            <p>
              Pour calculer ce montant, additionner les revenus que vous avez
              déclarés aux lignes 11700 et 12500 de votre déclaration de revenus
              2024.
            </p>
          </div>
          <input
            aria-describedby="input-text-field-«Rtmlj5»-help-primary"
            aria-labelledby="input-text-field-«Rtmlj5»-label"
            aria-required="true"
            class="rounded-lg border-gray-500 focus:border-blue-500 focus:ring-3 focus:ring-blue-500 focus:outline-hidden read-only:pointer-events-none read-only:bg-gray-100 read-only:opacity-70 disabled:pointer-events-none disabled:bg-gray-100 disabled:opacity-70 aria-invalid:border-red-500 aria-invalid:focus:border-red-500 aria-invalid:focus:ring-red-500 inline"
            id="input-text-field-«Rtmlj5»-input"
            required=""
            type="text"
            maxlength="16"
            autocomplete="off"
            name="individual-claimed-income"
            value=""
            inputmode="numeric"
          /><span aria-hidden="true" class="ml-1">$</span>
        </div>
        <div id="input-text-field-«R11mlj5»" class="space-y-2">
          <label class="block" id="input-text-field-«R11mlj5»-label"
            ><span class="font-semibold"
              >Entrez votre remboursement de la Prestation universelle pour la
              garde d'enfants (<abbr>PUGE</abbr>) et du Régime enregistré
              d'épargne-invalidité (<abbr>REEI</abbr>).<span class="sr-only">
                ($)</span
              ></span
            ></label
          >
          <div
            class="-max-w-prose text-black"
            data-testid="input-help"
            id="input-text-field-«R11mlj5»-help-primary"
          >
            <p>
              Pour calculer ce montant, additionner les remboursements que vous
              avez déclaré aux lignes 21300 et 23200 de votre déclaration de
              revenus 2024.
            </p>
          </div>
          <input
            aria-describedby="input-text-field-«R11mlj5»-help-primary"
            aria-labelledby="input-text-field-«R11mlj5»-label"
            aria-required="true"
            class="rounded-lg border-gray-500 focus:border-blue-500 focus:ring-3 focus:ring-blue-500 focus:outline-hidden read-only:pointer-events-none read-only:bg-gray-100 read-only:opacity-70 disabled:pointer-events-none disabled:bg-gray-100 disabled:opacity-70 aria-invalid:border-red-500 aria-invalid:focus:border-red-500 aria-invalid:focus:ring-red-500 inline"
            id="input-text-field-«R11mlj5»-input"
            required=""
            type="text"
            maxlength="16"
            autocomplete="off"
            name="individual-claimed-repayment"
            value=""
            inputmode="numeric"
          /><span aria-hidden="true" class="ml-1">$</span>
        </div>
      </div>
      <div
        class="mt-8 flex flex-row-reverse flex-wrap items-center justify-end gap-3"
      >
        <button
          class="font-lato inline-flex items-center justify-center rounded border align-middle outline-offset-4 px-5 py-3 text-base border-slate-700 bg-slate-700 text-white hover:bg-sky-800 focus:bg-sky-800 disabled:pointer-events-none disabled:cursor-not-allowed disabled:opacity-70"
          data-gc-analytics-customclick="ESDC-EDSC_CDB-PCH:StepIncome:Next button"
          value="next"
          id="continue-button"
          name="action"
        >
          Estimer mes prestations</button
        ><button
          class="font-lato inline-flex items-center justify-center rounded border align-middle outline-offset-4 px-5 py-3 text-base border-gray-300 bg-gray-200 text-slate-700 hover:bg-neutral-300 focus:bg-neutral-300 disabled:pointer-events-none disabled:cursor-not-allowed disabled:opacity-70"
          data-gc-analytics-customclick="ESDC-EDSC_CDB-PCH:StepIncome:Previous button"
          value="back"
          id="back-button"
          name="action"
        >
          Retour
        </button>
      </div>
    </form>
  </div>
</div>
<section class="mt-16 mb-8">
  <h2 class="sr-only">Détails de la page</h2>
  <dl id="wb-dtmd" class="space-y-1">
    <div class="flex gap-2">
      <dt>Identificateur d'écran&nbsp;:</dt>
      <dd>EST-0002</dd>
    </div>
    <div class="flex gap-2">
      <dt>Date de modification&nbsp;:</dt>
      <dd><time>1970-01-01</time></dd>
    </div>
    <div class="flex gap-2">
      <dt>Version&nbsp;:</dt>
      <dd>0.0.0-000000-00000000</dd>
    </div>
  </dl>
</section>
