<div class="space-y-3">
  <div class="mt-10 mb-8">
    <h2>Canada Disability Benefit Estimator</h2>
    <h1
      id="wb-cont"
      tabindex="-1"
      class="font-lato text-3xl font-bold focus-visible:ring-3 after:mt-2 after:block after:h-1.5 after:w-18 after:bg-red-700"
    >
      Results
    </h1>
  </div>
  <div class="relative pl-4 sm:pl-6 bg-white my-6">
    <div class="absolute top-3 left-1.5 pt-1 sm:left-3.5 bg-white">
      <svg
        aria-hidden="true"
        focusable="false"
        data-prefix="fas"
        data-icon="circle-info"
        class="svg-inline--fa fa-circle-info h-6 w-6 text-cyan-700"
        role="img"
        xmlns="http://www.w3.org/2000/svg"
        viewBox="0 0 512 512"
        data-testid="info"
      >
        <path
          fill="currentColor"
          d="M256 512A256 256 0 1 0 256 0a256 256 0 1 0 0 512zM216 336l24 0 0-64-24 0c-13.3 0-24-10.7-24-24s10.7-24 24-24l48 0c13.3 0 24 10.7 24 24l0 88 8 0c13.3 0 24 10.7 24 24s-10.7 24-24 24l-80 0c-13.3 0-24-10.7-24-24s10.7-24 24-24zm40-208a32 32 0 1 1 0 64 32 32 0 1 1 0-64z"
        ></path>
      </svg>
    </div>
    <div class="overflow-auto border-l-4 pt-4 pb-2.5 pl-6 border-l-cyan-700">
      <p>This is only an estimate based on the information you provided.</p>
    </div>
  </div>
  <div class="flex flex-col space-y-12">
    <div class="md:grid md:grid-cols-3 md:gap-12">
      <section class="col-span-2 row-span-1 space-y-6">
        <h2 class="font-lato mb-4 text-2xl font-bold">Your estimate</h2>
        <p class="mb-4">You could be eligible to receive:</p>
        <ul class="list-disc space-y-1 pl-7">
          <li>
            A monthly amount of <strong>$200.00</strong> from the Canada
            Disability Benefit.
          </li>
        </ul>
        <p>
          <strong
            >Please note that you may be eligible to get back payments for up to
            24 months from the date we receive your application. There will be
            no back payments prior to July 2025.</strong
          >
        </p>
        <h2 class="font-lato mt-15 mb-5 text-2xl font-bold">Next steps</h2>
        <div>
          <a
            class="font-lato inline-flex items-center justify-center rounded-sm border align-middle no-underline outline-offset-4 px-6 py-3.5 text-base border-slate-700 bg-slate-700 text-white hover:bg-sky-800 focus:bg-sky-800"
            data-gc-analytics-customclick="ESDC-EDSC_CDB-PCH:Results:Apply button"
            href="https://www.canada.ca/en/services/benefits/disability/canada-disability-benefit.html"
            target="_blank"
            ><svg
              aria-hidden="true"
              focusable="false"
              data-prefix="fas"
              data-icon="arrow-up-right-from-square"
              class="svg-inline--fa fa-arrow-up-right-from-square fa-fw me-1"
              role="img"
              xmlns="http://www.w3.org/2000/svg"
              viewBox="0 0 512 512"
            >
              <path
                fill="currentColor"
                d="M320 0c-17.7 0-32 14.3-32 32s14.3 32 32 32l82.7 0L201.4 265.4c-12.5 12.5-12.5 32.8 0 45.3s32.8 12.5 45.3 0L448 109.3l0 82.7c0 17.7 14.3 32 32 32s32-14.3 32-32l0-160c0-17.7-14.3-32-32-32L320 0zM80 32C35.8 32 0 67.8 0 112L0 432c0 44.2 35.8 80 80 80l320 0c44.2 0 80-35.8 80-80l0-112c0-17.7-14.3-32-32-32s-32 14.3-32 32l0 112c0 8.8-7.2 16-16 16L80 448c-8.8 0-16-7.2-16-16l0-320c0-8.8 7.2-16 16-16l112 0c17.7 0 32-14.3 32-32s-14.3-32-32-32L80 32z"
              ></path></svg
            >Apply for the Canada Disability Benefit</a
          >
        </div>
        <div>
          <a
            class="font-lato inline-flex items-center justify-center rounded-sm border align-middle no-underline outline-offset-4 px-6 py-3.5 text-base border-gray-200 bg-white text-gray-900 hover:bg-gray-100 hover:text-blue-700 focus:bg-gray-100 focus:text-blue-700"
            data-gc-analytics-customclick="ESDC-EDSC_CDB-PCH:Results:Learn more button"
            href="https://www.canada.ca/en/services/benefits/disability/canada-disability-benefit.html"
            target="_blank"
            ><svg
              aria-hidden="true"
              focusable="false"
              data-prefix="fas"
              data-icon="arrow-up-right-from-square"
              class="svg-inline--fa fa-arrow-up-right-from-square fa-fw me-1"
              role="img"
              xmlns="http://www.w3.org/2000/svg"
              viewBox="0 0 512 512"
            >
              <path
                fill="currentColor"
                d="M320 0c-17.7 0-32 14.3-32 32s14.3 32 32 32l82.7 0L201.4 265.4c-12.5 12.5-12.5 32.8 0 45.3s32.8 12.5 45.3 0L448 109.3l0 82.7c0 17.7 14.3 32 32 32s32-14.3 32-32l0-160c0-17.7-14.3-32-32-32L320 0zM80 32C35.8 32 0 67.8 0 112L0 432c0 44.2 35.8 80 80 80l320 0c44.2 0 80-35.8 80-80l0-112c0-17.7-14.3-32-32-32s-32 14.3-32 32l0 112c0 8.8-7.2 16-16 16L80 448c-8.8 0-16-7.2-16-16l0-320c0-8.8 7.2-16 16-16l112 0c17.7 0 32-14.3 32-32s-14.3-32-32-32L80 32z"
              ></path></svg
            >Learn more about the Canada Disability Benefit</a
          >
        </div>
      </section>
      <section class="col-span-1 row-span-2 space-y-4">
        <div class="my-8 rounded bg-stone-100 p-5 md:mt-0 md:max-w-[360px]">
          <h3 class="font-lato text-xl font-bold">What you told us</h3>
          <dl>
            <dt class="pt-4">Marital status</dt>
            <dd class="pb-4 border-b border-stone-600">
              <div class="flex justify-end">
                <strong class="mr-auto"
                  >Single, divorced, separated or widowed</strong
                >
                <div class="mt-auto ml-auto">
                  <a
                    class="text-slate-700 underline hover:text-blue-700 focus:text-blue-700"
                    data-gc-analytics-customclick="ESDC-EDSC_CDB-PCH:Results:Edit marital status button"
                    aria-label="Edit your marital status"
                    href="/en/marital-status"
                    data-discover="true"
                    >Edit</a
                  >
                </div>
              </div>
            </dd>
            <dt class="pt-4">Your total income</dt>
            <dd class="pb-4">
              <div class="flex justify-end">
                <strong class="mr-auto">$124.00</strong>
                <div class="mt-auto ml-auto">
                  <a
                    class="text-slate-700 underline hover:text-blue-700 focus:text-blue-700"
                    data-gc-analytics-customclick="ESDC-EDSC_CDB-PCH:Results:Edit income button"
                    aria-label="Edit income informations"
                    href="/en/income"
                    data-discover="true"
                    >Edit</a
                  >
                </div>
              </div>
            </dd>
          </dl>
        </div>
      </section>
    </div>
  </div>
</div>
<section class="mt-16 mb-8">
  <h2 class="sr-only">Page details</h2>
  <dl id="wb-dtmd" class="space-y-1">
    <div class="flex gap-2">
      <dt>Screen identifier:</dt>
      <dd>EST-0003</dd>
    </div>
    <div class="flex gap-2">
      <dt>Date modified:</dt>
      <dd><time>1970-01-01</time></dd>
    </div>
    <div class="flex gap-2">
      <dt>Version:</dt>
      <dd>0.0.0-000000-00000000</dd>
    </div>
  </dl>
</section>
